syntax error, unexpected INT64, expecting SEMICOLON at line 3
