ERROR on line 3 use of undefined variable : theVariable