Compilation failed due to syntax errors : exiting with return value 1
