ERROR on line 4 redefinition of variable : theVariable
ERROR on line 5 redefinition of variable : theVariable
WARNING at line 2 : unused global variable theVariable
