WARNING at line 3 : unused parameter c
WARNING at line 10 : unused variable e
WARNING at line 1 : unused global variable globalvalue
