WARNING at line 6 : unused variable B
WARNING at line 23 : unused variable bouh
